
> app@0.0.0 build
> tsc && vite build

vite v8.0.0 building client environment for production...
[2Ktransforming...✓ 6 modules transformed.
rendering chunks...
computing gzip size...
dist/index.html                  1.06 kB │ gzip:  0.54 kB
dist/assets/index-CsUDhMuy.css   4.10 kB │ gzip:  1.46 kB
dist/assets/index-DmkvAEVs.js   99.79 kB │ gzip: 30.22 kB

✓ built in 34ms
